i2c.h:99:22:I2C_Wait	16	static
i2c.h:113:22:I2C_WaitWhileBusy	8	static
i2c.h:122:22:I2C_SendStart	16	static
i2c.h:169:22:I2C_EnterReceiveModeWithAck	16	static
i2c.h:189:22:I2C_EnterReceiveModeWithoutAck	16	static
i2c.h:224:22:I2C_SendRepeatedStart	24	static
i2c.h:249:22:I2C_SendStop	16	static
i2c.h:286:22:I2C_DisableAck	16	static
i2c.h:301:22:I2C_SendBlocking	16	static
i2c.h:353:22:I2C_ReceiverModeDriveClock	16	static
i2c.c:17:6:I2C_Init	24	static
i2c.c:66:6:i2c_init	8	static
i2c.c:93:9:I2C_ReadRegister	16	static
i2c.c:134:13:I2C_ReadRegistersInternal	40	static
i2c.c:198:6:I2C_ReadRegisters	16	static
i2c.c:217:6:I2C_WriteRegister	24	static
i2c.c:246:9:I2C_ModifyRegister	32	static
i2c.c:291:6:I2C_ResetBus	24	static
i2c.c:302:6:I2C_InitiateRegisterReadAt	16	static
i2c.c:316:6:i2c_busy	8	static
i2c.c:360:6:i2c_wait	16	static
i2c.c:371:6:i2c_start	8	static
i2c.c:378:6:i2c_read_setup	16	static
i2c.c:395:9:i2c_repeated_read	24	static
i2c.c:423:9:i2c_read_byte	32	static
i2c.c:454:6:i2c_write_byte	24	static
