i2c.h:101:22:I2C_Wait	16	static
i2c.h:115:22:I2C_WaitWhileBusy	8	static
i2c.h:124:22:I2C_SendStart	16	static
i2c.h:171:22:I2C_EnterReceiveModeWithAck	16	static
i2c.h:191:22:I2C_EnterReceiveModeWithoutAck	16	static
i2c.h:226:22:I2C_SendRepeatedStart	24	static
i2c.h:251:22:I2C_SendStop	16	static
i2c.h:288:22:I2C_DisableAck	16	static
i2c.h:303:22:I2C_SendBlocking	16	static
i2c.h:355:22:I2C_ReceiverModeDriveClock	16	static
i2c.c:16:6:I2C_Init	24	static
i2c.c:64:9:I2C_ReadRegister	16	static
i2c.c:105:13:I2C_ReadRegistersInternal	40	static
i2c.c:169:6:I2C_ReadRegisters	16	static
i2c.c:188:6:I2C_WriteRegister	24	static
i2c.c:217:9:I2C_ModifyRegister	32	static
i2c.c:262:6:I2C_ResetBus	24	static
i2c.c:273:6:I2C_InitiateRegisterReadAt	16	static
