core_cm0plus.h:745:22:NVIC_EnableIRQ	16	static
core_cm0plus.h:791:22:NVIC_ClearPendingIRQ	16	static
core_cm0plus.h:804:22:NVIC_SetPriority	24	static
endian.h:32:21:test_endian	24	static
endian.h:55:23:endianCorrectionRequired	16	static
i2c.h:99:22:I2C_Wait	16	static
i2c.h:113:22:I2C_WaitWhileBusy	8	static
i2c.h:122:22:I2C_SendStart	16	static
i2c.h:169:22:I2C_EnterReceiveModeWithAck	16	static
i2c.h:224:22:I2C_SendRepeatedStart	24	static
i2c.h:249:22:I2C_SendStop	16	static
i2c.h:286:22:I2C_DisableAck	16	static
i2c.h:301:22:I2C_SendBlocking	16	static
i2c.h:311:25:I2C_ReceiveDriving	16	static
i2c.h:322:25:I2C_ReceiveDrivingWithNack	8	static
i2c.h:332:25:I2C_ReceiveAndStop	8	static
i2c.h:344:25:I2C_ReceiveAndRestart	8	static
i2c.h:353:22:I2C_ReceiverModeDriveClock	16	static
mma8451q.c:56:6:MMA8451Q_ReadAcceleration14bitNoFifo	32	static
mma8451q.c:84:6:MMA8451Q_SetDataRate	24	static
mma8451q.c:103:9:MMA8451Q_SystemMode	8	static
mma8451q.c:112:9:MMA8451Q_LandscapePortraitConfig	8	static
mma8451q.c:121:6:MMA8451Q_SetOversampling	24	static
mma8451q.c:140:6:MMA8451Q_SetSleepOversampling	24	static
mma8451q.c:164:6:MMA8451Q_SetTransient	8	static
mma8451q.c:197:6:MMA8451Q_SetSensitivity	16	static
mma8451q.c:215:6:MMA8451Q_SetInterruptMode	32	static
mma8451q.c:237:6:MMA8451Q_ConfigureInterrupt	24	static
mma8451q.c:268:6:MMA8451Q_ClearInterruptConfiguration	16	static
mma8451q.c:286:6:MMA8451Q_FetchConfiguration	24	static
mma8451q.c:382:6:MMA8451Q_StoreConfiguration	16	static
mma8451q.c:470:6:convert_xyz_to_roll_pitch	56	static
mma8451q.c:480:6:read_full_xyz	48	static
mma8451q.c:509:5:init_mma	8	static
