endian.h:32:21:test_endian	24	static
endian.h:55:23:endianCorrectionRequired	16	static
i2c.h:101:22:I2C_Wait	16	static
i2c.h:115:22:I2C_WaitWhileBusy	8	static
i2c.h:124:22:I2C_SendStart	16	static
i2c.h:171:22:I2C_EnterReceiveModeWithAck	16	static
i2c.h:226:22:I2C_SendRepeatedStart	24	static
i2c.h:251:22:I2C_SendStop	16	static
i2c.h:288:22:I2C_DisableAck	16	static
i2c.h:303:22:I2C_SendBlocking	16	static
i2c.h:313:25:I2C_ReceiveDriving	16	static
i2c.h:324:25:I2C_ReceiveDrivingWithNack	8	static
i2c.h:334:25:I2C_ReceiveAndStop	8	static
i2c.h:346:25:I2C_ReceiveAndRestart	8	static
i2c.h:355:22:I2C_ReceiverModeDriveClock	16	static
mma8451q.c:43:6:MMA8451Q_ReadAcceleration14bitNoFifo	32	static
mma8451q.c:71:6:MMA8451Q_SetDataRate	24	static
mma8451q.c:90:9:MMA8451Q_SystemMode	8	static
mma8451q.c:99:9:MMA8451Q_LandscapePortraitConfig	8	static
mma8451q.c:108:6:MMA8451Q_SetOversampling	24	static
mma8451q.c:127:6:MMA8451Q_SetSleepOversampling	24	static
mma8451q.c:147:6:MMA8451Q_SetSensitivity	16	static
mma8451q.c:165:6:MMA8451Q_SetInterruptMode	32	static
mma8451q.c:187:6:MMA8451Q_ConfigureInterrupt	24	static
mma8451q.c:218:6:MMA8451Q_ClearInterruptConfiguration	16	static
mma8451q.c:236:6:MMA8451Q_FetchConfiguration	24	static
mma8451q.c:332:6:MMA8451Q_StoreConfiguration	16	static
